// Jest Snapshot v1, https://goo.gl/fbAQLP

exports[`expects to render CardList 1`] = `
<div>
  <Card
    email="sasha@gmail.com"
    id={1}
    key="0"
    name="Sasha"
  />
  <Card
    email="misha@gmail.com"
    id={2}
    key="1"
    name="Misha"
  />
  <Card
    email="kolya@gmail.com"
    id={3}
    key="2"
    name="Kolya"
  />
</div>
`;
